sniper
0
 5071728 4565315 4497433 4534988 4459478 4418229 4420671 4781729 5133515 4767291 4752665 4709569 140187248498185 140187229930131
Segmentation fault. Access Address = 0x1

