sniper
0
 5071808 4565299 4497289 4534972 4459334 4418085 4420527 4781809 5133595 4767371 4752745 4709649 140441454466569 140441435898515
Segmentation fault. Access Address = 0x1

